══ Building ════════════════════════════════════════════════════════════════════
Setting env vars:
• CFLAGS    : -Wall -pedantic
• CXXFLAGS  : -Wall -pedantic
• CXX11FLAGS: -Wall -pedantic
• CXX14FLAGS: -Wall -pedantic
• CXX17FLAGS: -Wall -pedantic
• CXX20FLAGS: -Wall -pedantic
── R CMD build ─────────────────────────────────────────────────────────────────
* checking for file ‘/Users/fubin/glycoverse/packages/glyparse/DESCRIPTION’ ... OK
* preparing ‘glyparse’:
* checking DESCRIPTION meta-information ... OK
* cleaning src
* installing the package (it is needed to build vignettes)
* creating vignettes ... OK
* cleaning src
* checking for LF line-endings in source and make files and shell scripts
* checking for empty or unneeded directories
Removed empty directory ‘glyparse/.worktrees’
* building ‘glyparse_0.8.1.9000.tar.gz’

══ Checking ════════════════════════════════════════════════════════════════════
Setting env vars:
• _R_CHECK_CRAN_INCOMING_REMOTE_               : FALSE
• _R_CHECK_CRAN_INCOMING_                      : FALSE
• _R_CHECK_FORCE_SUGGESTS_                     : FALSE
• _R_CHECK_PACKAGES_USED_IGNORE_UNUSED_IMPORTS_: FALSE
• NOT_CRAN                                     : true
── R CMD check ─────────────────────────────────────────────────────────────────
* using log directory ‘/private/var/folders/hf/q986zhm912x577_6hxr3m74r0000gn/T/Rtmph8TFNe/file1431a2f9fbafd/glyparse.Rcheck’
* using R version 4.6.1 (2026-06-24)
* using platform: aarch64-apple-darwin23
* R was compiled by
    Apple clang version 17.0.0 (clang-1700.3.19.1)
    GNU Fortran (GCC) 14.2.0
* running under: macOS Tahoe 26.5.2
* using session charset: UTF-8
* current time: 2026-09-21 12:55:29 UTC
* using options ‘--no-manual --as-cran’
* checking for file ‘glyparse/DESCRIPTION’ ... OK
* this is package ‘glyparse’ version ‘0.8.1.9000’
* package encoding: UTF-8
* checking package namespace information ... OK
* checking package dependencies ...Warning: unable to access index for repository https://CRAN.R-project.org/src/contrib:
  cannot open URL 'https://CRAN.R-project.org/src/contrib/PACKAGES'
Warning: unable to access index for repository https://bioconductor.org/packages/3.23/bioc/src/contrib:
  cannot open URL 'https://bioconductor.org/packages/3.23/bioc/src/contrib/PACKAGES'
Warning: unable to access index for repository https://bioconductor.org/packages/3.23/data/annotation/src/contrib:
  cannot open URL 'https://bioconductor.org/packages/3.23/data/annotation/src/contrib/PACKAGES'
Warning: unable to access index for repository https://bioconductor.org/packages/3.23/data/experiment/src/contrib:
  cannot open URL 'https://bioconductor.org/packages/3.23/data/experiment/src/contrib/PACKAGES'
 OK
* checking if this is a source package ... OK
* checking if there is a namespace ... OK
* checking for executable files ... OK
* checking for hidden files and directories ... OK
* checking for portable file names ... OK
* checking for sufficient/correct file permissions ... OK
* checking whether package ‘glyparse’ can be installed ... [26s/27s] OK
* used C++ compiler: ‘Apple clang version 17.0.0 (clang-1700.6.3.2)’
* used SDK: ‘MacOSX26.2.sdk’
* checking C++ specification ... INFO
  specified C++17
* checking installed package size ... OK
* checking package directory ... OK
* checking for future file timestamps ... NOTE
Unable to verify current time.  To disable remote verification,
set environment variable _R_CHECK_SYSTEM_CLOCK_ to a false value.
* checking ‘build’ directory ... OK
* checking DESCRIPTION meta-information ... OK
* checking top-level files ... OK
* checking for left-over files ... OK
* checking index information ... OK
* checking package subdirectories ... OK
* checking code files for non-ASCII characters ... OK
* checking R files for syntax errors ... OK
* checking whether the package can be loaded ... OK
* checking whether the package can be loaded with stated dependencies ... OK
* checking whether the package can be unloaded cleanly ... OK
* checking whether the namespace can be loaded with stated dependencies ... OK
* checking whether the namespace can be unloaded cleanly ... OK
* checking dependencies in R code ... OK
* checking S3 generic/method consistency ... OK
* checking replacement functions ... OK
* checking foreign function calls ... OK
* checking R code for possible problems ... OK
* checking Rd files ... OK
* checking Rd metadata ... OK
* checking Rd line widths ... OK
* checking Rd cross-references ... OK
* checking for missing documentation entries ... OK
* checking for code/documentation mismatches ... OK
* checking Rd \usage sections ... OK
* checking Rd contents ... OK
* checking for unstated dependencies in examples ... OK
* checking line endings in C/C++/Fortran sources/headers ... OK
* checking line endings in Makefiles ... OK
* checking compilation flags in Makevars ... OK
* checking for GNU extensions in Makefiles ... OK
* checking for portable use of $(BLAS_LIBS) and $(LAPACK_LIBS) ... OK
* checking use of PKG_*FLAGS in Makefiles ... OK
* checking use of SHLIB_OPENMP_*FLAGS in Makefiles ... OK
* checking pragmas in C/C++ headers and code ... OK
* checking compilation flags used ... OK
* checking compiled code ... OK
* checking installed files from ‘inst/doc’ ... OK
* checking files in ‘vignettes’ ... OK
* checking examples ... OK
* checking for unstated dependencies in ‘tests’ ... OK
* checking tests ...
  Running ‘testthat.R’ [16s/18s]
 [16s/18s] OK
* checking for unstated dependencies in vignettes ... OK
* checking package vignettes ... OK
* checking re-building of vignette outputs ... OK
* checking for non-standard things in the check directory ... OK
* checking for detritus in the temp directory ... NOTE
Found the following files/directories:
  ‘xcrun_db’
* DONE

Status: 2 NOTEs
See
  ‘/private/var/folders/hf/q986zhm912x577_6hxr3m74r0000gn/T/Rtmph8TFNe/file1431a2f9fbafd/glyparse.Rcheck/00check.log’
for details.
sysctl: sysctl fmt -1 1024 1: Operation not permitted
Warning message:
In system2("quarto", "-V", stdout = TRUE) :
  running command ''quarto' -V' had status 1
── R CMD check results ──────────────────────────────── glyparse 0.8.1.9000 ────
Duration: 1m 37.9s

❯ checking for future file timestamps ... NOTE
  Unable to verify current time.  To disable remote verification,
  set environment variable _R_CHECK_SYSTEM_CLOCK_ to a false value.

❯ checking for detritus in the temp directory ... NOTE
  Found the following files/directories:
    ‘xcrun_db’

0 errors ✔ | 0 warnings ✔ | 2 notes ✖
