* installing *source* package ‘glyparse’ ...
** this is package ‘glyparse’ version ‘0.8.1.9000’
** using staged installation
** libs
specified C++17
using C++ compiler: ‘Apple clang version 17.0.0 (clang-1700.6.3.2)’
using C++17
using SDK: ‘MacOSX26.2.sdk’
clang++ -arch arm64 -std=gnu++17 -I"/Library/Frameworks/R.framework/Resources/include" -DNDEBUG  -I'/Users/fubin/Library/R/arm64/4.6/library/Rcpp/include' -I/opt/R/arm64/include -I/opt/homebrew/opt/gettext/include    -fPIC  -falign-functions=64 -Wall -g -O2   -c RcppExports.cpp -o RcppExports.o
clang++ -arch arm64 -std=gnu++17 -I"/Library/Frameworks/R.framework/Resources/include" -DNDEBUG  -I'/Users/fubin/Library/R/arm64/4.6/library/Rcpp/include' -I/opt/R/arm64/include -I/opt/homebrew/opt/gettext/include    -fPIC  -falign-functions=64 -Wall -g -O2   -c converters.cpp -o converters.o
clang++ -arch arm64 -std=gnu++17 -I"/Library/Frameworks/R.framework/Resources/include" -DNDEBUG  -I'/Users/fubin/Library/R/arm64/4.6/library/Rcpp/include' -I/opt/R/arm64/include -I/opt/homebrew/opt/gettext/include    -fPIC  -falign-functions=64 -Wall -g -O2   -c direct.cpp -o direct.o
clang++ -arch arm64 -std=gnu++17 -I"/Library/Frameworks/R.framework/Resources/include" -DNDEBUG  -I'/Users/fubin/Library/R/arm64/4.6/library/Rcpp/include' -I/opt/R/arm64/include -I/opt/homebrew/opt/gettext/include    -fPIC  -falign-functions=64 -Wall -g -O2   -c floating.cpp -o floating.o
clang++ -arch arm64 -std=gnu++17 -I"/Library/Frameworks/R.framework/Resources/include" -DNDEBUG  -I'/Users/fubin/Library/R/arm64/4.6/library/Rcpp/include' -I/opt/R/arm64/include -I/opt/homebrew/opt/gettext/include    -fPIC  -falign-functions=64 -Wall -g -O2   -c glycoct.cpp -o glycoct.o
clang++ -arch arm64 -std=gnu++17 -I"/Library/Frameworks/R.framework/Resources/include" -DNDEBUG  -I'/Users/fubin/Library/R/arm64/4.6/library/Rcpp/include' -I/opt/R/arm64/include -I/opt/homebrew/opt/gettext/include    -fPIC  -falign-functions=64 -Wall -g -O2   -c gwb.cpp -o gwb.o
clang++ -arch arm64 -std=gnu++17 -I"/Library/Frameworks/R.framework/Resources/include" -DNDEBUG  -I'/Users/fubin/Library/R/arm64/4.6/library/Rcpp/include' -I/opt/R/arm64/include -I/opt/homebrew/opt/gettext/include    -fPIC  -falign-functions=64 -Wall -g -O2   -c native-api.cpp -o native-api.o
clang++ -arch arm64 -std=gnu++17 -I"/Library/Frameworks/R.framework/Resources/include" -DNDEBUG  -I'/Users/fubin/Library/R/arm64/4.6/library/Rcpp/include' -I/opt/R/arm64/include -I/opt/homebrew/opt/gettext/include    -fPIC  -falign-functions=64 -Wall -g -O2   -c wurcs.cpp -o wurcs.o
clang++ -arch arm64 -std=gnu++17 -dynamiclib -Wl,-headerpad_max_install_names -undefined dynamic_lookup -L/Library/Frameworks/R.framework/Resources/lib -L/opt/R/arm64/lib -L/opt/homebrew/opt/gettext/lib -o glyparse.so RcppExports.o converters.o direct.o floating.o glycoct.o gwb.o native-api.o wurcs.o -F/Library/Frameworks/R.framework/.. -framework R
installing to /private/tmp/glyparse-native-lib/00LOCK-glyparse-native-source/00new/glyparse/libs
** R
** byte-compile and prepare package for lazy loading
** help
*** installing help indices
*** copying figures
** building package indices
** installing vignettes
** testing if installed package can be loaded from temporary location
** checking absolute paths in shared objects and dynamic libraries
** testing if installed package can be loaded from final location
** testing if installed package keeps a record of temporary installation path
* DONE (glyparse)
